C251 COMPILER V5.60.0,  Motor                                                              04/05/24  22:10:43  PAGE 1   


C251 COMPILER V5.60.0, COMPILATION OF MODULE Motor
OBJECT MODULE PLACED IN .\Out_File\Motor.obj
COMPILER INVOKED BY: E:\Keil5C251\C251\BIN\C251.EXE ..\USER\Hardware\Motor.c XSMALL WARNINGLEVEL(3) OPTIMIZE(0,SPEED) BR
                    -OWSE INCDIR(..\..\Libraries\libraries;..\..\Libraries\seekfree_libraries;..\..\Libraries\seekfree_peripheral;..\CODE;..\
                    -USER\inc;..\USER\src;..\USER\Hardware;..\USER\Hardware) DEBUG PRINT(.\Out_File\Motor.lst) TABS(2) OBJECT(.\Out_File\Moto
                    -r.obj) 

stmt  level    source

    1          /*
    2           * @Description: 
    3           * @Author: Yzhi
    4           * @Date: 2023-11-17 20:39:06
    5           * @LastEditTime: 2023-11-17 20:42:20
    6           * @LastEditors: Yzhi
    7           */
    8          
    9          #include "myconfig.h"
   10          
   11          
   12          
   13          #define MOTOR_MAX  7000
   14          
   15          float Motor_P = 12.3085;
   16          float Motor_I = 0.019;
   17          
   18          Motor_PID_InitTypedef Motor_pid;
   19          
   20          
   21          int16 limit(int16 In,int16 limit)
   22          {
   23   1        return (In > limit) ? limit : ((In < -limit) ? -limit : In);
   24   1      }
   25          
   26          //--
   27          //  @brief      电机PWM初始化
   28          //  @param      void
   29          //  @return     void         
   30          //--
   31          
   32          void Motor_Init(void)
   33          {
   34   1          pwm_init(MOTOR_L_PWM, 17000,0);
   35   1          pwm_init(MOTOR_R_PWM, 17000,0);
   36   1      }
   37          
   38          //--
   39          //  @brief      输出pwm
   40          //  @param      L_PWM:左电机pwm
   41          //  @param      R_PWM:右电机pwm
   42          //  @return     void         
   43          //--
   44          
   45          void Motor_PWM(int L_PWM,int R_PWM)
   46          {
   47   1        if(L_PWM<0)
   48   1        {
   49   2          MOTOR_L_DIR=1;
   50   2          pwm_duty(MOTOR_L_PWM,abs(L_PWM));
   51   2        }
   52   1        else{
   53   2          MOTOR_L_DIR=0;
   54   2          pwm_duty(MOTOR_L_PWM,L_PWM);
   55   2        }
   56   1        if(R_PWM<0)
C251 COMPILER V5.60.0,  Motor                                                              04/05/24  22:10:43  PAGE 2   

   57   1        {
   58   2          MOTOR_R_DIR=1;
   59   2          pwm_duty(MOTOR_R_PWM,abs(R_PWM));
   60   2        }
   61   1        else{
   62   2          MOTOR_R_DIR=0;
   63   2          pwm_duty(MOTOR_R_PWM,R_PWM);
   64   2        }
   65   1      }
   66          
   67          //--
   68          //  @brief      电机pid调节
   69          //  @param      kp,ki.kd
   70          //  @return     void         
   71          //--
   72          
   73          void Motor_SET_PID(float Kp,float Ki,float Kd)
   74          {
   75   1        Motor_pid.Motor_Target_Value=0;
   76   1        Motor_pid.Motor_Actual_Value=0;
   77   1        Motor_pid.Motor_err=0;
   78   1        Motor_pid.Motor_err_last=0;
   79   1        Motor_pid.Motor_err_last2=0;
   80   1        Motor_pid.Motor_Kp=Kp;
   81   1        Motor_pid.Motor_Ki=Ki;
   82   1        Motor_pid.Motor_Kd=Kd;
   83   1        Motor_pid.Motor_Out_Value=0;
   84   1        Motor_pid.Motor_integral=0;
   85   1      }
   86          
   87          /*入口：NEW_DATA 新采样值
   88                 OLD_DATA 上次滤波结果
   89                 k        滤波系数(0~255)(代表在滤波结果中的权重)
   90            出口：         本次滤波结果
   91           */
   92           char filter_1(char NEW_DATA,char OLD_DATA,char k)
   93          {
   94   1          int result;
   95   1          if(NEW_DATA<OLD_DATA)
   96   1          {
   97   2              result=OLD_DATA-NEW_DATA;
   98   2              result=result*k;
   99   2              result=result+128;//+128是为了四色五入
  100   2              result=result/256;
  101   2              result=OLD_DATA-result;
  102   2          }
  103   1          else if(NEW_DATA>OLD_DATA)
  104   1          {
  105   2              result=NEW_DATA-OLD_DATA;
  106   2              result=result*k;
  107   2              result=result+128;//+128是为了四色五入
  108   2              result=result/256;
  109   2              result=OLD_DATA-result;
  110   2          }
  111   1          else result=OLD_DATA;
  112   1          return((char)result);
  113   1      }
  114          
  115          
  116          //--
  117          //  @brief      速度环
  118          //  @param      Target_Value: 目标速度
  119          //  @param      Actual_Value: 实际速度      
  120          //  @return     速度环输出        
  121          //--
  122          int Speed_pid_Out(int Target_Value,int Actual_Value)
C251 COMPILER V5.60.0,  Motor                                                              04/05/24  22:10:43  PAGE 3   

  123          {
  124   1        float Kp_Value=0;
  125   1        int   Target_LBVal=0;//滤波之后的值
  126   1        static float Ki_Value=0,Kd_Value=0;
  127   1        float MOTOR_PWM = 0;
  128   1        //1.计算偏差
  129   1        //Target_LBVal= filter_1(Target_Value,Target_LBVal,0.89); //编码器滤波
  130   1        Motor_pid.Motor_err=Target_Value-Actual_Value;
  131   1        if(abs(Motor_pid.Motor_err)<3)  //PID死区
  132   1        {
  133   2          Motor_pid.Motor_err=0;
  134   2          Motor_pid.Motor_err_last=0;
  135   2        }
  136   1        //2.比例运算
  137   1        Kp_Value=Motor_pid.Motor_err_last*Motor_pid.Motor_Kp;
  138   1        //3.积分运算
  139   1        Ki_Value+=Motor_pid.Motor_err;
  140   1        if(Ki_Value>1000)Ki_Value=1000;
  141   1        if(Ki_Value<-1000)Ki_Value=-1000;
  142   1        //6.更新误差
  143   1        Motor_pid.Motor_err_last2=Motor_pid.Motor_err_last;
  144   1        Motor_pid.Motor_err_last=Motor_pid.Motor_err;
  145   1        //7.输出电机执行量
  146   1        Motor_pid.Motor_Out_Value=(Kp_Value+Ki_Value*Motor_pid.Motor_Ki);
  147   1        MOTOR_PWM = Motor_pid.Motor_Out_Value;
  148   1        MOTOR_PWM = limit(MOTOR_PWM,MOTOR_MAX);
  149   1        return (int)MOTOR_PWM;
  150   1      }
  151          
  152          
  153          
  154          void Buzzer(int time)
  155          {
  156   1        Buzzer_ON;
  157   1        delay_ms(time);
  158   1        Buzzer_OFF;
  159   1      }


Module Information          Static   Overlayable
------------------------------------------------
  code size            =       735     ------
  ecode size           =    ------     ------
  data size            =    ------     ------
  idata size           =    ------     ------
  pdata size           =    ------     ------
  xdata size           =    ------     ------
  xdata-const size     =    ------     ------
  edata size           =        97     ------
  bit size             =    ------     ------
  ebit size            =    ------     ------
  bitaddressable size  =    ------     ------
  ebitaddressable size =    ------     ------
  far data size        =    ------     ------
  huge data size       =    ------     ------
  const size           =    ------     ------
  hconst size          =        32     ------
End of Module Information.


C251 COMPILATION COMPLETE.  0 WARNING(S),  0 ERROR(S)
