C251 COMPILER V5.60.0,  mpu6050                                                            08/05/24  15:03:07  PAGE 1   


C251 COMPILER V5.60.0, COMPILATION OF MODULE mpu6050
OBJECT MODULE PLACED IN .\Out_File\mpu6050.obj
COMPILER INVOKED BY: E:\Keil5C251\C251\BIN\C251.EXE ..\USER\Hardware\mpu6050.c XSMALL WARNINGLEVEL(3) OPTIMIZE(0,SPEED) 
                    -BROWSE INCDIR(..\..\Libraries\libraries;..\..\Libraries\seekfree_libraries;..\..\Libraries\seekfree_peripheral;..\CODE;.
                    -.\USER\inc;..\USER\src;..\USER\Hardware;..\USER\Hardware) DEBUG PRINT(.\Out_File\mpu6050.lst) TABS(2) OBJECT(.\Out_File\
                    -mpu6050.obj) 

stmt  level    source

    1          /*
    2           * @Description: 
    3           * @Author: Yzhi
    4           * @Date: 2023-10-22 08:38:21
    5           * @LastEditTime: 2023-11-15 22:02:55
    6           * @LastEditors: Yzhi
    7           */
    8          
    9          #include "myconfig.h"
   10          
   11          #define WINDOW_SIZE 10
   12          #define LOW_PASS_ALPHA 0.4f
   13          
   14          float gyro_zero_wander(void) {
   15   1          static float sum = 0;
   16   1          static int flag = 1;
   17   1          int i=0;
   18   1          if (flag == 1) {
   19   2              for (i = 0; i < 100; i++) {
   20   3                  mpu6050_get_gyro();
   21   3                  sum = sum + mpu6050_gyro_z;
   22   3              }
   23   2              flag = 0;
   24   2              return sum / 100;
   25   2          }
   26   1          return sum / 100;
   27   1      }
   28          
   29          double Gyro_filter(double val)
   30          {
   31   1          int i = 0;
   32   1          float sum = 0;
   33   1          for (i = 0; i < 10; i++)
   34   1          {
   35   2              sum += val-Gyro_Diff;
   36   2          }
   37   1          sum = sum / 10;
   38   1          return sum;
   39   1      }
   40          
   41          double lowPassFilter(double current, double previous, float alpha)
   42          {
   43   1          // 低通滤波器
   44   1          return alpha * current + (1 - alpha) * previous;
   45   1      }
   46          
   47          double Get_Angle() {
   48   1          // 假设 mpu6050_gyro_z 是一个全局变量，表示陀螺仪的 z 轴角速度
   49   1          static int last_Val = 0;
   50   1          double groy_z = 0;
   51   1          groy_z = Gyro_filter(mpu6050_gyro_z);
   52   1          // 返回经过低通滤波和中值滤波后的角度值
   53   1          return groy_z;
   54   1      }


C251 COMPILER V5.60.0,  mpu6050                                                            08/05/24  15:03:07  PAGE 2   

Module Information          Static   Overlayable
------------------------------------------------
  code size            =       274     ------
  ecode size           =    ------     ------
  data size            =    ------     ------
  idata size           =    ------     ------
  pdata size           =    ------     ------
  xdata size           =    ------     ------
  xdata-const size     =    ------     ------
  edata size           =        36     ------
  bit size             =    ------     ------
  ebit size            =    ------     ------
  bitaddressable size  =    ------     ------
  ebitaddressable size =    ------     ------
  far data size        =    ------     ------
  huge data size       =    ------     ------
  const size           =    ------     ------
  hconst size          =        20     ------
End of Module Information.


C251 COMPILATION COMPLETE.  0 WARNING(S),  0 ERROR(S)
